Delete ou=groups,dc=example,dc=com cn=bosses,ou=groups,dc=example,dc=com 
