Delete CN=Deleted Objects,dc=example,dc=com CN=fred\0ADEL:oldid,CN=Deleted Objects,DC=example,DC=com fred 514 TRUE
